// Jest Snapshot v1, https://goo.gl/fbAQLP

exports[`JobForm should submit without error on empty 1`] = `ReactWrapper {}`;
